// Jest Snapshot v1, https://goo.gl/fbAQLP

exports[`home renders 1`] = `
<View
  style={
    Object {
      "alignItems": "stretch",
      "backgroundColor": "#FFFFFF",
      "flex": 1,
      "justifyContent": "center",
      "paddingHorizontal": 30,
    }
  }
>
  <Text
    style={
      Object {
        "fontSize": 24,
        "fontWeight": "bold",
        "marginBottom": 28,
        "textAlign": "center",
      }
    }
  >
    Welcome
  </Text>
  <View
    style={
      Array [
        Object {
          "backgroundColor": "#FFFFFF",
          "borderColor": "#D1D5DB",
          "borderRadius": 6,
          "borderWidth": 1,
          "overflow": "hidden",
        },
        Object {
          "marginTop": 16,
        },
      ]
    }
  >
    <TextInput
      allowFontScaling={true}
      autoCapitalize="none"
      autoCorrect={false}
      onChangeText={[Function]}
      placeholder="Enter your name"
      rejectResponderTermination={true}
      style={
        Array [
          Object {
            "color": "#6B7280",
            "fontSize": 16,
            "fontWeight": "400",
            "paddingHorizontal": 13,
            "paddingVertical": 9,
          },
          undefined,
        ]
      }
      underlineColorAndroid="transparent"
      value=""
    />
  </View>
  <View
    style={
      Array [
        Object {
          "backgroundColor": "#FFFFFF",
          "borderColor": "#D1D5DB",
          "borderRadius": 6,
          "borderWidth": 1,
          "overflow": "hidden",
        },
        Object {
          "marginTop": 16,
        },
      ]
    }
  >
    <TextInput
      allowFontScaling={true}
      autoCapitalize="none"
      autoCorrect={false}
      onChangeText={[Function]}
      placeholder="Enter your password"
      rejectResponderTermination={true}
      secureTextEntry={true}
      style={
        Array [
          Object {
            "color": "#6B7280",
            "fontSize": 16,
            "fontWeight": "400",
            "paddingHorizontal": 13,
            "paddingVertical": 9,
          },
          undefined,
        ]
      }
      underlineColorAndroid="transparent"
      value=""
    />
  </View>
  <View
    accessible={true}
    focusable={true}
    onClick={[Function]}
    onResponderGrant={[Function]}
    onResponderMove={[Function]}
    onResponderRelease={[Function]}
    onResponderTerminate={[Function]}
    onResponderTerminationRequest={[Function]}
    onStartShouldSetResponder={[Function]}
    style={
      Object {
        "alignItems": "center",
        "backgroundColor": "#1FC4DB",
        "borderRadius": 6,
        "marginBottom": 200,
        "marginHorizontal": 5,
        "marginTop": 44,
        "opacity": 1,
        "paddingVertical": 12,
      }
    }
  >
    <Text
      style={
        Object {
          "color": "#FFFFFF",
          "fontSize": 16,
          "fontWeight": "500",
        }
      }
    >
      Sign in
    </Text>
  </View>
</View>
`;
