// Jest Snapshot v1, https://goo.gl/fbAQLP

exports[`list renders 1`] = `
<View
  style={
    Object {
      "flex": 1,
    }
  }
>
  <ActivityIndicator
    animating={true}
    color="#999999"
    hidesWhenStopped={true}
    size="large"
    style={
      Object {
        "marginTop": 20,
      }
    }
  />
</View>
`;
