// Jest Snapshot v1, https://goo.gl/fbAQLP

exports[`wallet renders 1`] = `null`;
